Archive member included because of file (symbol)

c:/program files (x86)/atmel/atmel toolchain/avr8 gcc/native/3.4.1061/avr8-gnu-toolchain/bin/../lib/gcc/avr/4.8.1/../../../../avr/lib/avr5\libm.a(cmpsf2.o)
                              glcd/graphs.o (__ltsf2)
c:/program files (x86)/atmel/atmel toolchain/avr8 gcc/native/3.4.1061/avr8-gnu-toolchain/bin/../lib/gcc/avr/4.8.1/../../../../avr/lib/avr5\libm.a(fixunssfsi.o)
                              glcd/graphs.o (__fixunssfsi)
c:/program files (x86)/atmel/atmel toolchain/avr8 gcc/native/3.4.1061/avr8-gnu-toolchain/bin/../lib/gcc/avr/4.8.1/../../../../avr/lib/avr5\libm.a(floatsisf.o)
                              glcd/graphs.o (__floatunsisf)
c:/program files (x86)/atmel/atmel toolchain/avr8 gcc/native/3.4.1061/avr8-gnu-toolchain/bin/../lib/gcc/avr/4.8.1/../../../../avr/lib/avr5\libm.a(fp_cmp.o)
                              c:/program files (x86)/atmel/atmel toolchain/avr8 gcc/native/3.4.1061/avr8-gnu-toolchain/bin/../lib/gcc/avr/4.8.1/../../../../avr/lib/avr5\libm.a(cmpsf2.o) (__fp_cmp)
c:/program files (x86)/atmel/atmel toolchain/avr8 gcc/native/3.4.1061/avr8-gnu-toolchain/bin/../lib/gcc/avr/4.8.1/../../../../avr/lib/avr5\libm.a(fp_split3.o)
                              c:/program files (x86)/atmel/atmel toolchain/avr8 gcc/native/3.4.1061/avr8-gnu-toolchain/bin/../lib/gcc/avr/4.8.1/../../../../avr/lib/avr5\libm.a(fixunssfsi.o) (__fp_splitA)
c:/program files (x86)/atmel/atmel toolchain/avr8 gcc/native/3.4.1061/avr8-gnu-toolchain/bin/../lib/gcc/avr/4.8.1/../../../../avr/lib/avr5\libm.a(fp_zero.o)
                              c:/program files (x86)/atmel/atmel toolchain/avr8 gcc/native/3.4.1061/avr8-gnu-toolchain/bin/../lib/gcc/avr/4.8.1/../../../../avr/lib/avr5\libm.a(fixunssfsi.o) (__fp_zero)
c:/program files (x86)/atmel/atmel toolchain/avr8 gcc/native/3.4.1061/avr8-gnu-toolchain/bin/../lib/gcc/avr/4.8.1/../../../../avr/lib/avr5\libm.a(gesf2.o)
                              glcd/graphs.o (__gtsf2)
c:/program files (x86)/atmel/atmel toolchain/avr8 gcc/native/3.4.1061/avr8-gnu-toolchain/bin/../lib/gcc/avr/4.8.1/../../../../avr/lib/avr5\libm.a(mulsf3.o)
                              glcd/graphs.o (__mulsf3)
c:/program files (x86)/atmel/atmel toolchain/avr8 gcc/native/3.4.1061/avr8-gnu-toolchain/bin/../lib/gcc/avr/4.8.1/../../../../avr/lib/avr5\libm.a(mulsf3x.o)
                              c:/program files (x86)/atmel/atmel toolchain/avr8 gcc/native/3.4.1061/avr8-gnu-toolchain/bin/../lib/gcc/avr/4.8.1/../../../../avr/lib/avr5\libm.a(mulsf3.o) (__mulsf3x)
c:/program files (x86)/atmel/atmel toolchain/avr8 gcc/native/3.4.1061/avr8-gnu-toolchain/bin/../lib/gcc/avr/4.8.1/../../../../avr/lib/avr5\libm.a(fp_inf.o)
                              c:/program files (x86)/atmel/atmel toolchain/avr8 gcc/native/3.4.1061/avr8-gnu-toolchain/bin/../lib/gcc/avr/4.8.1/../../../../avr/lib/avr5\libm.a(mulsf3x.o) (__fp_inf)
c:/program files (x86)/atmel/atmel toolchain/avr8 gcc/native/3.4.1061/avr8-gnu-toolchain/bin/../lib/gcc/avr/4.8.1/../../../../avr/lib/avr5\libm.a(fp_nan.o)
                              c:/program files (x86)/atmel/atmel toolchain/avr8 gcc/native/3.4.1061/avr8-gnu-toolchain/bin/../lib/gcc/avr/4.8.1/../../../../avr/lib/avr5\libm.a(mulsf3x.o) (__fp_nan)
c:/program files (x86)/atmel/atmel toolchain/avr8 gcc/native/3.4.1061/avr8-gnu-toolchain/bin/../lib/gcc/avr/4.8.1/../../../../avr/lib/avr5\libm.a(fp_pscA.o)
                              c:/program files (x86)/atmel/atmel toolchain/avr8 gcc/native/3.4.1061/avr8-gnu-toolchain/bin/../lib/gcc/avr/4.8.1/../../../../avr/lib/avr5\libm.a(mulsf3x.o) (__fp_pscA)
c:/program files (x86)/atmel/atmel toolchain/avr8 gcc/native/3.4.1061/avr8-gnu-toolchain/bin/../lib/gcc/avr/4.8.1/../../../../avr/lib/avr5\libm.a(fp_pscB.o)
                              c:/program files (x86)/atmel/atmel toolchain/avr8 gcc/native/3.4.1061/avr8-gnu-toolchain/bin/../lib/gcc/avr/4.8.1/../../../../avr/lib/avr5\libm.a(mulsf3x.o) (__fp_pscB)
c:/program files (x86)/atmel/atmel toolchain/avr8 gcc/native/3.4.1061/avr8-gnu-toolchain/bin/../lib/gcc/avr/4.8.1/../../../../avr/lib/avr5\libm.a(fp_round.o)
                              c:/program files (x86)/atmel/atmel toolchain/avr8 gcc/native/3.4.1061/avr8-gnu-toolchain/bin/../lib/gcc/avr/4.8.1/../../../../avr/lib/avr5\libm.a(mulsf3.o) (__fp_round)
c:/program files (x86)/atmel/atmel toolchain/avr8 gcc/native/3.4.1061/avr8-gnu-toolchain/bin/../lib/gcc/avr/4.8.1/avr5\libgcc.a(_divmodhi4.o)
                              glcd/graphs.o (__divmodhi4)
c:/program files (x86)/atmel/atmel toolchain/avr8 gcc/native/3.4.1061/avr8-gnu-toolchain/bin/../lib/gcc/avr/4.8.1/avr5\libgcc.a(_exit.o)
                              c:/program files (x86)/atmel/atmel toolchain/avr8 gcc/native/3.4.1061/avr8-gnu-toolchain/bin/../lib/gcc/avr/4.8.1/../../../../avr/lib/avr5/crtm328p.o (exit)
c:/program files (x86)/atmel/atmel toolchain/avr8 gcc/native/3.4.1061/avr8-gnu-toolchain/bin/../lib/gcc/avr/4.8.1/avr5\libgcc.a(_copy_data.o)
[...]
Memory Configuration

Name             Origin             Length             Attributes
text             0x00000000         0x00020000         xr
data             0x00800060         0x0000ffa0         rw !x
eeprom           0x00810000         0x00010000         rw !x
fuse             0x00820000         0x00000400         rw !x
lock             0x00830000         0x00000400         rw !x
signature        0x00840000         0x00000400         rw !x
user_signatures  0x00850000         0x00000400         rw !x
*default*        0x00000000         0xffffffff

Linker script and memory map

Address of section .data set to 0x800100
LOAD c:/program files (x86)/atmel/atmel toolchain/avr8 gcc/native/3.4.1061/avr8-gnu-toolchain/bin/../lib/gcc/avr/4.8.1/../../../../avr/lib/avr5/crtm328p.o
LOAD glcd/controllers/PCD8544.o
LOAD glcd/devices/AVR8.o
LOAD glcd/glcd.o
LOAD glcd/graphics.o
LOAD glcd/graphs.o
LOAD glcd/text.o
LOAD glcd/text_tiny.o
LOAD glcd/unit_tests.o
LOAD Hall_Effect/HallEffectTask.o
LOAD Hall_Effect/Hall_Effect.o
LOAD I2C/I2C.o
LOAD LCD/LCD.o
LOAD LCD/LCDTask.o
LOAD main.o
LOAD RTC/RTC.o
LOAD RTC/RTCTask.o
LOAD Source/croutine.o
LOAD Source/event_groups.o
LOAD Source/list.o
LOAD Source/portable/ATMega323/port.o
LOAD Source/portable/MemMang/heap_1.o
LOAD Source/queue.o
LOAD Source/tasks.o
LOAD Source/timers.o
LOAD uart/uart.o
LOAD WiFi/WiFi.o
LOAD WiFi/WiFiTask.o
START GROUP
LOAD c:/program files (x86)/atmel/atmel toolchain/avr8 gcc/native/3.4.1061/avr8-gnu-toolchain/bin/../lib/gcc/avr/4.8.1/../../../../avr/lib/avr5\libm.a
END GROUP
START GROUP
LOAD c:/program files (x86)/atmel/atmel toolchain/avr8 gcc/native/3.4.1061/avr8-gnu-toolchain/bin/../lib/gcc/avr/4.8.1/avr5\libgcc.a
LOAD c:/program files (x86)/atmel/atmel toolchain/avr8 gcc/native/3.4.1061/avr8-gnu-toolchain/bin/../lib/gcc/avr/4.8.1/../../../../avr/lib/avr5\libm.a
LOAD c:/program files (x86)/atmel/atmel toolchain/avr8 gcc/native/3.4.1061/avr8-gnu-toolchain/bin/../lib/gcc/avr/4.8.1/../../../../avr/lib/avr5\libc.a
END GROUP

.hash
 *(.hash)

.dynsym
 *(.dynsym)

.dynstr
 *(.dynstr)

.gnu.version
 *(.gnu.version)

.gnu.version_d
 *(.gnu.version_d)

.gnu.version_r
 *(.gnu.version_r)

.rel.init
 *(.rel.init)

.rela.init
 *(.rela.init)

.rel.text
 *(.rel.text)
 *(.rel.text.*)
 *(.rel.gnu.linkonce.t*)

.rela.text
 *(.rela.text)
 *(.rela.text.*)
 *(.rela.gnu.linkonce.t*)

.rel.fini
 *(.rel.fini)

.rela.fini
 *(.rela.fini)

.rel.rodata
 *(.rel.rodata)
 *(.rel.rodata.*)
 *(.rel.gnu.linkonce.r*)

.rela.rodata
 *(.rela.rodata)
 *(.rela.rodata.*)
 *(.rela.gnu.linkonce.r*)

.rel.data
 *(.rel.data)
 *(.rel.data.*)
 *(.rel.gnu.linkonce.d*)

.rela.data
 *(.rela.data)
 *(.rela.data.*)
 *(.rela.gnu.linkonce.d*)

.rel.ctors
 *(.rel.ctors)

.rela.ctors
 *(.rela.ctors)

.rel.dtors
 *(.rel.dtors)

.rela.dtors
 *(.rela.dtors)

.rel.got
 *(.rel.got)

.rela.got
 *(.rela.got)

.rel.bss
 *(.rel.bss)

.rela.bss
 *(.rela.bss)

.rel.plt
 *(.rel.plt)

.rela.plt
 *(.rela.plt)

.text           0x00000000     0x17e6
 *(.vectors)
 .vectors       0x00000000       0x68 c:/program files (x86)/atmel/atmel toolchain/avr8 gcc/native/3.4.1061/avr8-gnu-toolchain/bin/../lib/gcc/avr/4.8.1/../../../../avr/lib/avr5/crtm328p.o
                0x00000000                __vector_default
                0x00000000                __vectors
 *(.vectors)
 *(.progmem.gcc*)
                0x00000068                . = ALIGN (0x2)
                0x00000068                __trampolines_start = .
 *(.trampolines)
 .trampolines   0x00000068        0x0 linker stubs
 *(.trampolines*)
                0x00000068                __trampolines_end = .
 *(.progmem*)
                0x00000068                . = ALIGN (0x2)
 *(.jumptables)
 *(.jumptables*)
 *(.lowtext)
 *(.lowtext*)
                0x00000068                __ctors_start = .
 *(.ctors)
                0x00000068                __ctors_end = .
                0x00000068                __dtors_start = .
 *(.dtors)
                0x00000068                __dtors_end = .
 SORT(*)(.ctors)
 SORT(*)(.dtors)
 *(.init0)
 .init0         0x00000068        0x0 c:/program files (x86)/atmel/atmel toolchain/avr8 gcc/native/3.4.1061/avr8-gnu-toolchain/bin/../lib/gcc/avr/4.8.1/../../../../avr/lib/avr5/crtm328p.o
                0x00000068                __init
 *(.init0)
 *(.init1)
 *(.init1)
 *(.init2)
 .init2         0x00000068        0xc c:/program files (x86)/atmel/atmel toolchain/avr8 gcc/native/3.4.1061/avr8-gnu-toolchain/bin/../lib/gcc/avr/4.8.1/../../../../avr/lib/avr5/crtm328p.o
 *(.init2)
 *(.init3)
 *(.init3)
 *(.init4)
 .init4         0x00000074       0x16 c:/program files (x86)/atmel/atmel toolchain/avr8 gcc/native/3.4.1061/avr8-gnu-toolchain/bin/../lib/gcc/avr/4.8.1/avr5\libgcc.a(_copy_data.o)
                0x00000074                __do_copy_data
 .init4         0x0000008a       0x10 c:/program files (x86)/atmel/atmel toolchain/avr8 gcc/native/3.4.1061/avr8-gnu-toolchain/bin/../lib/gcc/avr/4.8.1/avr5\libgcc.a(_clear_bss.o)
                0x0000008a                __do_clear_bss
 *(.init4)
 *(.init5)
 *(.init5)
 *(.init6)
 *(.init6)
 *(.init7)
 *(.init7)
 *(.init8)
 *(.init8)
 *(.init9)
 .init9         0x0000009a        0x8 c:/program files (x86)/atmel/atmel toolchain/avr8 gcc/native/3.4.1061/avr8-gnu-toolchain/bin/../lib/gcc/avr/4.8.1/../../../../avr/lib/avr5/crtm328p.o
 *(.init9)
 *(.text)
 .text          0x000000a2        0x4 c:/program files (x86)/atmel/atmel toolchain/avr8 gcc/native/3.4.1061/avr8-gnu-toolchain/bin/../lib/gcc/avr/4.8.1/../../../../avr/lib/avr5/crtm328p.o
                0x000000a2                __vector_22
                0x000000a2                __vector_1
                0x000000a2                __vector_24
                0x000000a2                __vector_12
                0x000000a2                __bad_interrupt
                0x000000a2                __vector_6
                0x000000a2                __vector_3
                0x000000a2                __vector_23
                0x000000a2                __vector_25
                0x000000a2                __vector_13
                0x000000a2                __vector_17
                0x000000a2                __vector_19
                0x000000a2                __vector_7
                0x000000a2                __vector_5
                0x000000a2                __vector_4
                0x000000a2                __vector_9
                0x000000a2                __vector_2
                0x000000a2                __vector_21
                0x000000a2                __vector_15
                0x000000a2                __vector_8
                0x000000a2                __vector_14
                0x000000a2                __vector_10
                0x000000a2                __vector_16
                0x000000a2                __vector_18
                0x000000a2                __vector_20
                0x000000a6                . = ALIGN (0x2)
 *(.text.*)
 .text.vHallEffectTask
                0x000000a6       0x46 Hall_Effect/HallEffectTask.o
                0x000000a6                vHallEffectTask
 .text.vLCDTask
                0x000000ec       0x44 LCD/LCDTask.o
                0x000000ec                vLCDTask
 .text.main     0x00000130       0xec main.o
                0x00000130                main
 .text.vRTCTask
                0x0000021c       0x28 RTC/RTCTask.o
                0x0000021c                vRTCTask
 .text.vListInitialise
                0x00000244       0x1c Source/list.o
                0x00000244                vListInitialise
 .text.vListInitialiseItem
                0x00000260        0x8 Source/list.o
                0x00000260                vListInitialiseItem
 .text.vListInsertEnd
                0x00000268       0x42 Source/list.o
                0x00000268                vListInsertEnd
 .text.vListInsert
                0x000002aa       0x62 Source/list.o
                0x000002aa                vListInsert
 .text.uxListRemove
                0x0000030c       0x4c Source/list.o
                0x0000030c                uxListRemove
 .text.pxPortInitialiseStack
                0x00000358       0xd8 Source/portable/ATMega323/port.o
                0x00000358                pxPortInitialiseStack
 .text.xPortStartScheduler
                0x00000430       0x74 Source/portable/ATMega323/port.o
                0x00000430                xPortStartScheduler
 .text.vPortYield
                0x000004a4       0xb2 Source/portable/ATMega323/port.o
                0x000004a4                vPortYield
 .text.vPortYieldFromTick
                0x00000556       0xb8 Source/portable/ATMega323/port.o
                0x00000556                vPortYieldFromTick
 .text.__vector_11
                0x0000060e        0x6 Source/portable/ATMega323/port.o
                0x0000060e                __vector_11
 .text.pvPortMalloc
                0x00000614       0x6a Source/portable/MemMang/heap_1.o
                0x00000614                pvPortMalloc
 .text.vPortFree
                0x0000067e        0x2 Source/portable/MemMang/heap_1.o
                0x0000067e                vPortFree
 .text.prvCopyDataFromQueue
                0x00000680       0x34 Source/queue.o
 .text.prvUnlockQueue
                0x000006b4       0x94 Source/queue.o
 .text.xQueueGenericReset
                0x00000748       0x7a Source/queue.o
                0x00000748                xQueueGenericReset
 .text.xQueueGenericCreate
                0x000007c2       0x5c Source/queue.o
                0x000007c2                xQueueGenericCreate
 .text.xQueueGenericReceive
                0x0000081e      0x158 Source/queue.o
                0x0000081e                xQueueGenericReceive
 .text.prvResetNextTaskUnblockTime
                0x00000976       0x3e Source/tasks.o
 .text.prvAddCurrentTaskToDelayedList
                0x000009b4       0x6e Source/tasks.o
 .text.xTaskGenericCreate
                0x00000a22      0x21c Source/tasks.o
                0x00000a22                xTaskGenericCreate
 .text.vTaskStartScheduler
                0x00000c3e       0x64 Source/tasks.o
                0x00000c3e                vTaskStartScheduler
 .text.vTaskSuspendAll
                0x00000ca2        0xc Source/tasks.o
                0x00000ca2                vTaskSuspendAll
 .text.xTaskIncrementTick
                0x00000cae      0x17e Source/tasks.o
                0x00000cae                xTaskIncrementTick
 .text.xTaskResumeAll
                0x00000e2c      0x106 Source/tasks.o
                0x00000e2c                xTaskResumeAll
 .text.prvIdleTask
                0x00000f32       0x78 Source/tasks.o
 .text.vTaskSwitchContext
                0x00000faa       0xbc Source/tasks.o
                0x00000faa                vTaskSwitchContext
 .text.vTaskPlaceOnEventList
                0x00001066       0x58 Source/tasks.o
                0x00001066                vTaskPlaceOnEventList
 .text.xTaskRemoveFromEventList
                0x000010be       0x90 Source/tasks.o
                0x000010be                xTaskRemoveFromEventList
 .text.vTaskSetTimeOutState
                0x0000114e       0x16 Source/tasks.o
                0x0000114e                vTaskSetTimeOutState
 .text.xTaskCheckForTimeOut
                0x00001164       0x72 Source/tasks.o
                0x00001164                xTaskCheckForTimeOut
 .text.vTaskMissedYield
                0x000011d6        0x8 Source/tasks.o
                0x000011d6                vTaskMissedYield
 .text.USART_Init
                0x000011de       0x16 uart/uart.o
                0x000011de                USART_Init
 .text.USART_Transmit
                0x000011f4       0x20 uart/uart.o
                0x000011f4                USART_Transmit
 .text.USART_Receive
                0x00001214       0x10 uart/uart.o
                0x00001214                USART_Receive
 .text.vWifiTask
                0x00001224       0x26 WiFi/WiFiTask.o
                0x00001224                vWifiTask
 .text.avr-libc
                0x0000124a       0x12 c:/program files (x86)/atmel/atmel toolchain/avr8 gcc/native/3.4.1061/avr8-gnu-toolchain/bin/../lib/gcc/avr/4.8.1/../../../../avr/lib/avr5\libc.a(memcpy.o)
                0x0000124a                memcpy
 .text.avr-libc
                0x0000125c       0x28 c:/program files (x86)/atmel/atmel toolchain/avr8 gcc/native/3.4.1061/avr8-gnu-toolchain/bin/../lib/gcc/avr/4.8.1/../../../../avr/lib/avr5\libc.a(printf.o)
                0x0000125c                printf
 .text.avr-libc
                0x00001284      0x3a4 c:/program files (x86)/atmel/atmel toolchain/avr8 gcc/native/3.4.1061/avr8-gnu-toolchain/bin/../lib/gcc/avr/4.8.1/../../../../avr/lib/avr5\libc.a(vfprintf_std.o)
                0x00001284                vfprintf
 .text.avr-libc
                0x00001628       0x16 c:/program files (x86)/atmel/atmel toolchain/avr8 gcc/native/3.4.1061/avr8-gnu-toolchain/bin/../lib/gcc/avr/4.8.1/../../../../avr/lib/avr5\libc.a(strnlen_P.o)
                0x00001628                strnlen_P
 .text.avr-libc
                0x0000163e       0x16 c:/program files (x86)/atmel/atmel toolchain/avr8 gcc/native/3.4.1061/avr8-gnu-toolchain/bin/../lib/gcc/avr/4.8.1/../../../../avr/lib/avr5\libc.a(strnlen.o)
                0x0000163e                strnlen
 .text.avr-libc
                0x00001654       0x64 c:/program files (x86)/atmel/atmel toolchain/avr8 gcc/native/3.4.1061/avr8-gnu-toolchain/bin/../lib/gcc/avr/4.8.1/../../../../avr/lib/avr5\libc.a(fputc.o)
                0x00001654                fputc
 .text.avr-libc
                0x000016b8       0xbc c:/program files (x86)/atmel/atmel toolchain/avr8 gcc/native/3.4.1061/avr8-gnu-toolchain/bin/../lib/gcc/avr/4.8.1/../../../../avr/lib/avr5\libc.a(ultoa_invert.o)
                0x000016b8                __ultoa_invert
 .text.libgcc.prologue
                0x00001774       0x38 c:/program files (x86)/atmel/atmel toolchain/avr8 gcc/native/3.4.1061/avr8-gnu-toolchain/bin/../lib/gcc/avr/4.8.1/avr5\libgcc.a(_prologue.o)
                0x00001774                __prologue_saves__
 .text.libgcc.prologue
                0x000017ac       0x36 c:/program files (x86)/atmel/atmel toolchain/avr8 gcc/native/3.4.1061/avr8-gnu-toolchain/bin/../lib/gcc/avr/4.8.1/avr5\libgcc.a(_epilogue.o)
                0x000017ac                __epilogue_restores__
                0x000017e2                . = ALIGN (0x2)
 *(.fini9)
 .fini9         0x000017e2        0x0 c:/program files (x86)/atmel/atmel toolchain/avr8 gcc/native/3.4.1061/avr8-gnu-toolchain/bin/../lib/gcc/avr/4.8.1/avr5\libgcc.a(_exit.o)
                0x000017e2                _exit
                0x000017e2                exit
 *(.fini9)
 *(.fini8)
 *(.fini8)
 *(.fini7)
 *(.fini7)
 *(.fini6)
 *(.fini6)
 *(.fini5)
 *(.fini5)
 *(.fini4)
 *(.fini4)
 *(.fini3)
 *(.fini3)
 *(.fini2)
 *(.fini2)
 *(.fini1)
 *(.fini1)
 *(.fini0)
 .fini0         0x000017e2        0x4 c:/program files (x86)/atmel/atmel toolchain/avr8 gcc/native/3.4.1061/avr8-gnu-toolchain/bin/../lib/gcc/avr/4.8.1/avr5\libgcc.a(_exit.o)
 *(.fini0)
                0x000017e6                _etext = .

.data           0x00800100       0x54 load address 0x000017e6
                0x00800100                PROVIDE (__data_start, .)
 *(.data)
 *(.data*)
 .data.uart_input
                0x00800100        0xe main.o
                0x00800100                uart_input
 .data.uart_output
                0x0080010e        0xe main.o
                0x0080010e                uart_output
 *(.rodata)
 *(.rodata*)
 .rodata.str1.1
                0x0080011c       0x17 Hall_Effect/HallEffectTask.o
 .rodata.str1.1
                0x00800133        0x3 LCD/LCDTask.o
 .rodata.str1.1
                0x00800136       0x18 main.o
 .rodata.str1.1
                0x0080014e        0x5 Source/tasks.o
 *(.gnu.linkonce.d*)
                0x00800154                . = ALIGN (0x2)
 *fill*         0x00800153        0x1 
                0x00800154                _edata = .
                0x00800154                PROVIDE (__data_end, .)

.bss            0x00800154      0x45e
                0x00800154                PROVIDE (__bss_start, .)
 *(.bss)
 *(.bss*)
 .bss.pucAlignedHeap.1869
                0x00800154        0x2 Source/portable/MemMang/heap_1.o
 .bss.xNextFreeByte
                0x00800156        0x2 Source/portable/MemMang/heap_1.o
 .bss.ucHeap    0x00800158      0x3e8 Source/portable/MemMang/heap_1.o
 .bss.uxSchedulerSuspended
                0x00800540        0x1 Source/tasks.o
 .bss.xNextTaskUnblockTime
                0x00800541        0x2 Source/tasks.o
 .bss.uxTaskNumber
                0x00800543        0x1 Source/tasks.o
 .bss.xNumOfOverflows
                0x00800544        0x1 Source/tasks.o
 .bss.xYieldPending
                0x00800545        0x1 Source/tasks.o
 .bss.uxPendedTicks
                0x00800546        0x1 Source/tasks.o
 .bss.xSchedulerRunning
                0x00800547        0x1 Source/tasks.o
 .bss.uxTopReadyPriority
                0x00800548        0x1 Source/tasks.o
 .bss.xTickCount
                0x00800549        0x2 Source/tasks.o
 .bss.uxCurrentNumberOfTasks
                0x0080054b        0x1 Source/tasks.o
 .bss.xSuspendedTaskList
                0x0080054c        0x9 Source/tasks.o
 .bss.uxTasksDeleted
                0x00800555        0x1 Source/tasks.o
 .bss.xTasksWaitingTermination
                0x00800556        0x9 Source/tasks.o
 .bss.xPendingReadyList
                0x0080055f        0x9 Source/tasks.o
 .bss.pxOverflowDelayedTaskList
                0x00800568        0x2 Source/tasks.o
 .bss.pxDelayedTaskList
                0x0080056a        0x2 Source/tasks.o
 .bss.xDelayedTaskList2
                0x0080056c        0x9 Source/tasks.o
 .bss.xDelayedTaskList1
                0x00800575        0x9 Source/tasks.o
 .bss.pxReadyTasksLists
                0x0080057e       0x24 Source/tasks.o
 .bss.pxCurrentTCB
                0x008005a2        0x2 Source/tasks.o
                0x008005a2                pxCurrentTCB
 *(COMMON)
 COMMON         0x008005a4        0x2 Hall_Effect/HallEffectTask.o
                0x008005a4                hallEffectMsgQ
 COMMON         0x008005a6        0x2 LCD/LCDTask.o
                0x008005a6                lcdMsgQ
 COMMON         0x008005a8        0x2 RTC/RTCTask.o
                0x008005a8                rtcMsgQ
 COMMON         0x008005aa        0x2 WiFi/WiFiTask.o
                0x008005aa                wifiMsgQ
 COMMON         0x008005ac        0x6 c:/program files (x86)/atmel/atmel toolchain/avr8 gcc/native/3.4.1061/avr8-gnu-toolchain/bin/../lib/gcc/avr/4.8.1/../../../../avr/lib/avr5\libc.a(iob.o)
                0x008005ac                __iob
                0x008005b2                PROVIDE (__bss_end, .)
                0x000017e6                __data_load_start = LOADADDR (.data)
                0x0000183a                __data_load_end = (__data_load_start + SIZEOF (.data))

.noinit         0x008005b2        0x0
                0x008005b2                PROVIDE (__noinit_start, .)
 *(.noinit*)
                0x008005b2                PROVIDE (__noinit_end, .)
                0x008005b2                _end = .
                0x008005b2                PROVIDE (__heap_start, .)

.eeprom         0x00810000        0x0
 *(.eeprom*)
                0x00810000                __eeprom_end = .

.fuse
 *(.fuse)
 *(.lfuse)
 *(.hfuse)
 *(.efuse)

.lock
 *(.lock*)

.signature
 *(.signature*)

.user_signatures
 *(.user_signatures*)

.stab
 *(.stab)

.stabstr
 *(.stabstr)

.stab.excl
 *(.stab.excl)

.stab.exclstr
 *(.stab.exclstr)

.stab.index
 *(.stab.index)

.stab.indexstr
 *(.stab.indexstr)

.comment        0x00000000       0x5c
 *(.comment)
 .comment       0x00000000       0x30 Hall_Effect/HallEffectTask.o
                                 0x31 (size before relaxing)
 .comment       0x00000000       0x31 LCD/LCDTask.o
 .comment       0x00000000       0x31 main.o
 .comment       0x00000000       0x31 RTC/RTCTask.o
 .comment       0x00000000       0x31 Source/list.o
 .comment       0x00000000       0x31 Source/portable/ATMega323/port.o
 .comment       0x00000000       0x31 Source/portable/MemMang/heap_1.o
 .comment       0x00000000       0x31 Source/queue.o
 .comment       0x00000000       0x31 Source/tasks.o
 .comment       0x00000000       0x31 uart/uart.o
 .comment       0x00000000       0x31 WiFi/WiFiTask.o
 .comment       0x00000000       0x31 c:/program files (x86)/atmel/atmel toolchain/avr8 gcc/native/3.4.1061/avr8-gnu-toolchain/bin/../lib/gcc/avr/4.8.1/../../../../avr/lib/avr5\libc.a(iob.o)
 .comment       0x00000000       0x31 c:/program files (x86)/atmel/atmel toolchain/avr8 gcc/native/3.4.1061/avr8-gnu-toolchain/bin/../lib/gcc/avr/4.8.1/../../../../avr/lib/avr5\libc.a(printf.o)
 .comment       0x00000030       0x2c c:/program files (x86)/atmel/atmel toolchain/avr8 gcc/native/3.4.1061/avr8-gnu-toolchain/bin/../lib/gcc/avr/4.8.1/../../../../avr/lib/avr5\libc.a(vfprintf_std.o)
                                 0x2d (size before relaxing)
 .comment       0x00000000       0x31 c:/program files (x86)/atmel/atmel toolchain/avr8 gcc/native/3.4.1061/avr8-gnu-toolchain/bin/../lib/gcc/avr/4.8.1/../../../../avr/lib/avr5\libc.a(fputc.o)

.note.gnu.build-id
 *(.note.gnu.build-id)

.debug
 *(.debug)

.line
 *(.line)

.debug_srcinfo
 *(.debug_srcinfo)

.debug_sfnames
 *(.debug_sfnames)

.debug_aranges  0x00000000      0x380
 *(.debug_aranges)
 .debug_aranges
                0x00000000       0x20 Hall_Effect/HallEffectTask.o
 .debug_aranges
                0x00000020       0x20 LCD/LCDTask.o
 .debug_aranges
                0x00000040       0x20 main.o
 .debug_aranges
                0x00000060       0x20 RTC/RTCTask.o
 .debug_aranges
                0x00000080       0x40 Source/list.o
 .debug_aranges
                0x000000c0       0x48 Source/portable/ATMega323/port.o
 .debug_aranges
                0x00000108       0x38 Source/portable/MemMang/heap_1.o
 .debug_aranges
                0x00000140       0xc0 Source/queue.o
 .debug_aranges
                0x00000200      0x130 Source/tasks.o
 .debug_aranges
                0x00000330       0x30 uart/uart.o
 .debug_aranges
                0x00000360       0x20 WiFi/WiFiTask.o

.debug_pubnames
 *(.debug_pubnames)

.debug_info     0x00000000     0x4394
 *(.debug_info .gnu.linkonce.wi.*)
 .debug_info    0x00000000      0x1a7 Hall_Effect/HallEffectTask.o
 .debug_info    0x000001a7      0x1cf LCD/LCDTask.o
 .debug_info    0x00000376      0x53a main.o
 .debug_info    0x000008b0      0x1ea RTC/RTCTask.o
 .debug_info    0x00000a9a      0x2c6 Source/list.o
 .debug_info    0x00000d60      0x261 Source/portable/ATMega323/port.o
 .debug_info    0x00000fc1      0x1ad Source/portable/MemMang/heap_1.o
 .debug_info    0x0000116e     0x127e Source/queue.o
 .debug_info    0x000023ec     0x1c56 Source/tasks.o
 .debug_info    0x00004042      0x1db uart/uart.o
 .debug_info    0x0000421d      0x177 WiFi/WiFiTask.o

.debug_abbrev   0x00000000     0x1034
 *(.debug_abbrev)
 .debug_abbrev  0x00000000      0x11c Hall_Effect/HallEffectTask.o
 .debug_abbrev  0x0000011c      0x125 LCD/LCDTask.o
 .debug_abbrev  0x00000241      0x170 main.o
 .debug_abbrev  0x000003b1       0xfb RTC/RTCTask.o
 .debug_abbrev  0x000004ac       0xf8 Source/list.o
 .debug_abbrev  0x000005a4      0x167 Source/portable/ATMega323/port.o
 .debug_abbrev  0x0000070b      0x12e Source/portable/MemMang/heap_1.o
 .debug_abbrev  0x00000839      0x2b5 Source/queue.o
 .debug_abbrev  0x00000aee      0x331 Source/tasks.o
 .debug_abbrev  0x00000e1f      0x129 uart/uart.o
 .debug_abbrev  0x00000f48       0xec WiFi/WiFiTask.o

.debug_line     0x00000000     0x1929
 *(.debug_line .debug_line.* .debug_line_end)
 .debug_line    0x00000000      0x14e Hall_Effect/HallEffectTask.o
 .debug_line    0x0000014e      0x12a LCD/LCDTask.o
 .debug_line    0x00000278      0x19f main.o
 .debug_line    0x00000417      0x11a RTC/RTCTask.o
 .debug_line    0x00000531      0x171 Source/list.o
 .debug_line    0x000006a2      0x1f8 Source/portable/ATMega323/port.o
 .debug_line    0x0000089a      0x20d Source/portable/MemMang/heap_1.o
 .debug_line    0x00000aa7      0x4e5 Source/queue.o
 .debug_line    0x00000f8c      0x794 Source/tasks.o
 .debug_line    0x00001720       0xea uart/uart.o
 .debug_line    0x0000180a      0x11f WiFi/WiFiTask.o

.debug_frame    0x00000000      0xa18
 *(.debug_frame)
 .debug_frame   0x00000000       0x34 Hall_Effect/HallEffectTask.o
 .debug_frame   0x00000034       0x34 LCD/LCDTask.o
 .debug_frame   0x00000068       0x48 main.o
 .debug_frame   0x000000b0       0x34 RTC/RTCTask.o
 .debug_frame   0x000000e4       0x88 Source/list.o
 .debug_frame   0x0000016c       0x74 Source/portable/ATMega323/port.o
 .debug_frame   0x000001e0       0x60 Source/portable/MemMang/heap_1.o
 .debug_frame   0x00000240      0x2ac Source/queue.o
 .debug_frame   0x000004ec      0x4ac Source/tasks.o
 .debug_frame   0x00000998       0x4c uart/uart.o
 .debug_frame   0x000009e4       0x34 WiFi/WiFiTask.o

.debug_str      0x00000000     0x1293
 *(.debug_str)
 .debug_str     0x00000000      0x1c8 Hall_Effect/HallEffectTask.o
                                0x216 (size before relaxing)
 .debug_str     0x000001c8       0x39 LCD/LCDTask.o
                                0x1f1 (size before relaxing)
 .debug_str     0x00000201      0x128 main.o
                                0x2b9 (size before relaxing)
 .debug_str     0x00000329       0x56 RTC/RTCTask.o
                                0x217 (size before relaxing)
 .debug_str     0x0000037f      0x12e Source/list.o
                                0x29a (size before relaxing)
 .debug_str     0x000004ad      0x109 Source/portable/ATMega323/port.o
                                0x2b0 (size before relaxing)
 .debug_str     0x000005b6       0xc5 Source/portable/MemMang/heap_1.o
                                0x230 (size before relaxing)
 .debug_str     0x0000067b      0x45c Source/queue.o
                                0x737 (size before relaxing)
 .debug_str     0x00000ad7      0x752 Source/tasks.o
                                0xc2e (size before relaxing)
 .debug_str     0x00001229       0x38 uart/uart.o
                                0x1af (size before relaxing)
 .debug_str     0x00001261       0x32 WiFi/WiFiTask.o
                                0x1ec (size before relaxing)

.debug_loc      0x00000000     0x3baf
 *(.debug_loc)
 .debug_loc     0x00000000       0x6e Hall_Effect/HallEffectTask.o
 .debug_loc     0x0000006e       0x6e LCD/LCDTask.o
 .debug_loc     0x000000dc       0x70 main.o
 .debug_loc     0x0000014c       0x6e RTC/RTCTask.o
 .debug_loc     0x000001ba      0x155 Source/list.o
 .debug_loc     0x0000030f      0x2ac Source/portable/ATMega323/port.o
 .debug_loc     0x000005bb       0xf1 Source/portable/MemMang/heap_1.o
 .debug_loc     0x000006ac     0x16c7 Source/queue.o
 .debug_loc     0x00001d73     0x1d10 Source/tasks.o
 .debug_loc     0x00003a83       0xbe uart/uart.o
 .debug_loc     0x00003b41       0x6e WiFi/WiFiTask.o

.debug_macinfo
 *(.debug_macinfo)

.debug_weaknames
 *(.debug_weaknames)

.debug_funcnames
 *(.debug_funcnames)

.debug_typenames
 *(.debug_typenames)

.debug_varnames
 *(.debug_varnames)

.debug_pubtypes
 *(.debug_pubtypes)

.debug_ranges   0x00000000      0x330
 *(.debug_ranges)
 .debug_ranges  0x00000000       0x10 Hall_Effect/HallEffectTask.o
 .debug_ranges  0x00000010       0x28 LCD/LCDTask.o
 .debug_ranges  0x00000038       0x10 main.o
 .debug_ranges  0x00000048       0x10 RTC/RTCTask.o
 .debug_ranges  0x00000058       0x30 Source/list.o
 .debug_ranges  0x00000088       0x38 Source/portable/ATMega323/port.o
 .debug_ranges  0x000000c0       0x28 Source/portable/MemMang/heap_1.o
 .debug_ranges  0x000000e8       0xb0 Source/queue.o
 .debug_ranges  0x00000198      0x168 Source/tasks.o
 .debug_ranges  0x00000300       0x20 uart/uart.o
 .debug_ranges  0x00000320       0x10 WiFi/WiFiTask.o

.debug_macro
 *(.debug_macro)
OUTPUT(HomeSecuritySystem.elf elf32-avr)
LOAD linker stubs
